// Vitest Snapshot v1, https://vitest.dev/guide/snapshot.html

exports[`Not Found View > should render the not found view 1`] = `
"<div class="flex flex-col items-center justify-center gap-6 w-full max-w-[500px] m-auto" data-testid="not-found"><img src="/images/not-found.png" alt="" width="300" height="300">
  <h1 class="text-2xl text-white font-bold">Error 404</h1>
  <p class="text-center text-gray-400"> The movie you are looking for might have been removed, had its name changed, or is temporarily unavailable. </p>
  <router-link-stub to="[object Object]" class="app-button app-button--primary"></router-link-stub>
</div>"
`;
